{
  "parent": "item/handheld",
  "textures": {
    "layer0": "item/golden/pickaxe/low"
  }
}
